------------------------------------------------------------
TimeQuest Timing Analyzer Summary
------------------------------------------------------------

Type  : Slow 1100mV 85C Model Setup 'MSP430x2xx_block_diagram:MSP430x2xx|control_unit:inst3|op_code[0]'
Slack : -12.861
TNS   : -143.655

Type  : Slow 1100mV 85C Model Setup 'MSP430x2xx_block_diagram:MSP430x2xx|control_unit:inst3|_fsm_state.f1'
Slack : -6.675
TNS   : -78.870

Type  : Slow 1100mV 85C Model Setup 'Clk'
Slack : -4.285
TNS   : -1163.884

Type  : Slow 1100mV 85C Model Setup 'MSP430x2xx_block_diagram:MSP430x2xx|control_unit:inst3|pc_inc'
Slack : -4.186
TNS   : -59.136

Type  : Slow 1100mV 85C Model Setup 'MSP430x2xx_block_diagram:MSP430x2xx|control_unit:inst3|_instruction_reg[14]'
Slack : -2.324
TNS   : -24.472

Type  : Slow 1100mV 85C Model Setup 'MSP430x2xx_block_diagram:MSP430x2xx|control_unit:inst3|_fsm_state.f3'
Slack : -1.918
TNS   : -1.918

Type  : Slow 1100mV 85C Model Hold 'Clk'
Slack : -2.678
TNS   : -5.179

Type  : Slow 1100mV 85C Model Hold 'MSP430x2xx_block_diagram:MSP430x2xx|control_unit:inst3|_fsm_state.f1'
Slack : 0.309
TNS   : 0.000

Type  : Slow 1100mV 85C Model Hold 'MSP430x2xx_block_diagram:MSP430x2xx|control_unit:inst3|_fsm_state.f3'
Slack : 0.317
TNS   : 0.000

Type  : Slow 1100mV 85C Model Hold 'MSP430x2xx_block_diagram:MSP430x2xx|control_unit:inst3|op_code[0]'
Slack : 0.800
TNS   : 0.000

Type  : Slow 1100mV 85C Model Hold 'MSP430x2xx_block_diagram:MSP430x2xx|control_unit:inst3|_instruction_reg[14]'
Slack : 0.861
TNS   : 0.000

Type  : Slow 1100mV 85C Model Hold 'MSP430x2xx_block_diagram:MSP430x2xx|control_unit:inst3|pc_inc'
Slack : 2.252
TNS   : 0.000

Type  : Slow 1100mV 85C Model Minimum Pulse Width 'Clk'
Slack : -2.174
TNS   : -199.538

Type  : Slow 1100mV 85C Model Minimum Pulse Width 'MSP430x2xx_block_diagram:MSP430x2xx|control_unit:inst3|pc_inc'
Slack : -0.394
TNS   : -11.572

Type  : Slow 1100mV 85C Model Minimum Pulse Width 'MSP430x2xx_block_diagram:MSP430x2xx|control_unit:inst3|op_code[0]'
Slack : -0.378
TNS   : -1.236

Type  : Slow 1100mV 85C Model Minimum Pulse Width 'MSP430x2xx_block_diagram:MSP430x2xx|control_unit:inst3|_fsm_state.f1'
Slack : 0.246
TNS   : 0.000

Type  : Slow 1100mV 85C Model Minimum Pulse Width 'MSP430x2xx_block_diagram:MSP430x2xx|control_unit:inst3|_fsm_state.f3'
Slack : 0.300
TNS   : 0.000

Type  : Slow 1100mV 85C Model Minimum Pulse Width 'MSP430x2xx_block_diagram:MSP430x2xx|control_unit:inst3|_instruction_reg[14]'
Slack : 0.322
TNS   : 0.000

Type  : Slow 1100mV 0C Model Setup 'MSP430x2xx_block_diagram:MSP430x2xx|control_unit:inst3|op_code[0]'
Slack : -12.728
TNS   : -145.356

Type  : Slow 1100mV 0C Model Setup 'MSP430x2xx_block_diagram:MSP430x2xx|control_unit:inst3|_fsm_state.f1'
Slack : -6.839
TNS   : -80.594

Type  : Slow 1100mV 0C Model Setup 'MSP430x2xx_block_diagram:MSP430x2xx|control_unit:inst3|pc_inc'
Slack : -4.305
TNS   : -61.123

Type  : Slow 1100mV 0C Model Setup 'Clk'
Slack : -4.164
TNS   : -1072.310

Type  : Slow 1100mV 0C Model Setup 'MSP430x2xx_block_diagram:MSP430x2xx|control_unit:inst3|_instruction_reg[14]'
Slack : -2.304
TNS   : -24.035

Type  : Slow 1100mV 0C Model Setup 'MSP430x2xx_block_diagram:MSP430x2xx|control_unit:inst3|_fsm_state.f3'
Slack : -1.872
TNS   : -1.872

Type  : Slow 1100mV 0C Model Hold 'Clk'
Slack : -2.760
TNS   : -5.324

Type  : Slow 1100mV 0C Model Hold 'MSP430x2xx_block_diagram:MSP430x2xx|control_unit:inst3|_fsm_state.f1'
Slack : 0.138
TNS   : 0.000

Type  : Slow 1100mV 0C Model Hold 'MSP430x2xx_block_diagram:MSP430x2xx|control_unit:inst3|_fsm_state.f3'
Slack : 0.190
TNS   : 0.000

Type  : Slow 1100mV 0C Model Hold 'MSP430x2xx_block_diagram:MSP430x2xx|control_unit:inst3|op_code[0]'
Slack : 0.730
TNS   : 0.000

Type  : Slow 1100mV 0C Model Hold 'MSP430x2xx_block_diagram:MSP430x2xx|control_unit:inst3|_instruction_reg[14]'
Slack : 0.754
TNS   : 0.000

Type  : Slow 1100mV 0C Model Hold 'MSP430x2xx_block_diagram:MSP430x2xx|control_unit:inst3|pc_inc'
Slack : 2.382
TNS   : 0.000

Type  : Slow 1100mV 0C Model Minimum Pulse Width 'Clk'
Slack : -2.174
TNS   : -210.647

Type  : Slow 1100mV 0C Model Minimum Pulse Width 'MSP430x2xx_block_diagram:MSP430x2xx|control_unit:inst3|op_code[0]'
Slack : -0.443
TNS   : -1.673

Type  : Slow 1100mV 0C Model Minimum Pulse Width 'MSP430x2xx_block_diagram:MSP430x2xx|control_unit:inst3|pc_inc'
Slack : -0.394
TNS   : -11.397

Type  : Slow 1100mV 0C Model Minimum Pulse Width 'MSP430x2xx_block_diagram:MSP430x2xx|control_unit:inst3|_fsm_state.f1'
Slack : 0.251
TNS   : 0.000

Type  : Slow 1100mV 0C Model Minimum Pulse Width 'MSP430x2xx_block_diagram:MSP430x2xx|control_unit:inst3|_fsm_state.f3'
Slack : 0.285
TNS   : 0.000

Type  : Slow 1100mV 0C Model Minimum Pulse Width 'MSP430x2xx_block_diagram:MSP430x2xx|control_unit:inst3|_instruction_reg[14]'
Slack : 0.293
TNS   : 0.000

Type  : Fast 1100mV 85C Model Setup 'MSP430x2xx_block_diagram:MSP430x2xx|control_unit:inst3|op_code[0]'
Slack : -7.541
TNS   : -74.124

Type  : Fast 1100mV 85C Model Setup 'MSP430x2xx_block_diagram:MSP430x2xx|control_unit:inst3|_fsm_state.f1'
Slack : -3.482
TNS   : -41.561

Type  : Fast 1100mV 85C Model Setup 'Clk'
Slack : -3.001
TNS   : -778.257

Type  : Fast 1100mV 85C Model Setup 'MSP430x2xx_block_diagram:MSP430x2xx|control_unit:inst3|pc_inc'
Slack : -2.026
TNS   : -27.225

Type  : Fast 1100mV 85C Model Setup 'MSP430x2xx_block_diagram:MSP430x2xx|control_unit:inst3|_fsm_state.f3'
Slack : -1.155
TNS   : -1.155

Type  : Fast 1100mV 85C Model Setup 'MSP430x2xx_block_diagram:MSP430x2xx|control_unit:inst3|_instruction_reg[14]'
Slack : -1.074
TNS   : -10.762

Type  : Fast 1100mV 85C Model Hold 'Clk'
Slack : -1.482
TNS   : -2.839

Type  : Fast 1100mV 85C Model Hold 'MSP430x2xx_block_diagram:MSP430x2xx|control_unit:inst3|_fsm_state.f3'
Slack : 0.355
TNS   : 0.000

Type  : Fast 1100mV 85C Model Hold 'MSP430x2xx_block_diagram:MSP430x2xx|control_unit:inst3|_fsm_state.f1'
Slack : 0.379
TNS   : 0.000

Type  : Fast 1100mV 85C Model Hold 'MSP430x2xx_block_diagram:MSP430x2xx|control_unit:inst3|op_code[0]'
Slack : 0.471
TNS   : 0.000

Type  : Fast 1100mV 85C Model Hold 'MSP430x2xx_block_diagram:MSP430x2xx|control_unit:inst3|_instruction_reg[14]'
Slack : 0.563
TNS   : 0.000

Type  : Fast 1100mV 85C Model Hold 'MSP430x2xx_block_diagram:MSP430x2xx|control_unit:inst3|pc_inc'
Slack : 1.098
TNS   : 0.000

Type  : Fast 1100mV 85C Model Minimum Pulse Width 'Clk'
Slack : -2.174
TNS   : -59.138

Type  : Fast 1100mV 85C Model Minimum Pulse Width 'MSP430x2xx_block_diagram:MSP430x2xx|control_unit:inst3|pc_inc'
Slack : -0.091
TNS   : -1.288

Type  : Fast 1100mV 85C Model Minimum Pulse Width 'MSP430x2xx_block_diagram:MSP430x2xx|control_unit:inst3|op_code[0]'
Slack : -0.078
TNS   : -0.145

Type  : Fast 1100mV 85C Model Minimum Pulse Width 'MSP430x2xx_block_diagram:MSP430x2xx|control_unit:inst3|_fsm_state.f1'
Slack : 0.292
TNS   : 0.000

Type  : Fast 1100mV 85C Model Minimum Pulse Width 'MSP430x2xx_block_diagram:MSP430x2xx|control_unit:inst3|_fsm_state.f3'
Slack : 0.318
TNS   : 0.000

Type  : Fast 1100mV 85C Model Minimum Pulse Width 'MSP430x2xx_block_diagram:MSP430x2xx|control_unit:inst3|_instruction_reg[14]'
Slack : 0.349
TNS   : 0.000

Type  : Fast 1100mV 0C Model Setup 'MSP430x2xx_block_diagram:MSP430x2xx|control_unit:inst3|op_code[0]'
Slack : -6.791
TNS   : -67.667

Type  : Fast 1100mV 0C Model Setup 'MSP430x2xx_block_diagram:MSP430x2xx|control_unit:inst3|_fsm_state.f1'
Slack : -3.400
TNS   : -40.467

Type  : Fast 1100mV 0C Model Setup 'Clk'
Slack : -2.412
TNS   : -612.652

Type  : Fast 1100mV 0C Model Setup 'MSP430x2xx_block_diagram:MSP430x2xx|control_unit:inst3|pc_inc'
Slack : -1.942
TNS   : -26.384

Type  : Fast 1100mV 0C Model Setup 'MSP430x2xx_block_diagram:MSP430x2xx|control_unit:inst3|_fsm_state.f3'
Slack : -0.953
TNS   : -0.953

Type  : Fast 1100mV 0C Model Setup 'MSP430x2xx_block_diagram:MSP430x2xx|control_unit:inst3|_instruction_reg[14]'
Slack : -0.864
TNS   : -8.501

Type  : Fast 1100mV 0C Model Hold 'Clk'
Slack : -1.498
TNS   : -2.869

Type  : Fast 1100mV 0C Model Hold 'MSP430x2xx_block_diagram:MSP430x2xx|control_unit:inst3|_fsm_state.f3'
Slack : 0.264
TNS   : 0.000

Type  : Fast 1100mV 0C Model Hold 'MSP430x2xx_block_diagram:MSP430x2xx|control_unit:inst3|_fsm_state.f1'
Slack : 0.273
TNS   : 0.000

Type  : Fast 1100mV 0C Model Hold 'MSP430x2xx_block_diagram:MSP430x2xx|control_unit:inst3|_instruction_reg[14]'
Slack : 0.464
TNS   : 0.000

Type  : Fast 1100mV 0C Model Hold 'MSP430x2xx_block_diagram:MSP430x2xx|control_unit:inst3|op_code[0]'
Slack : 0.466
TNS   : 0.000

Type  : Fast 1100mV 0C Model Hold 'MSP430x2xx_block_diagram:MSP430x2xx|control_unit:inst3|pc_inc'
Slack : 1.115
TNS   : 0.000

Type  : Fast 1100mV 0C Model Minimum Pulse Width 'Clk'
Slack : -2.174
TNS   : -59.449

Type  : Fast 1100mV 0C Model Minimum Pulse Width 'MSP430x2xx_block_diagram:MSP430x2xx|control_unit:inst3|pc_inc'
Slack : -0.045
TNS   : -0.542

Type  : Fast 1100mV 0C Model Minimum Pulse Width 'MSP430x2xx_block_diagram:MSP430x2xx|control_unit:inst3|op_code[0]'
Slack : -0.008
TNS   : -0.008

Type  : Fast 1100mV 0C Model Minimum Pulse Width 'MSP430x2xx_block_diagram:MSP430x2xx|control_unit:inst3|_fsm_state.f1'
Slack : 0.326
TNS   : 0.000

Type  : Fast 1100mV 0C Model Minimum Pulse Width 'MSP430x2xx_block_diagram:MSP430x2xx|control_unit:inst3|_fsm_state.f3'
Slack : 0.343
TNS   : 0.000

Type  : Fast 1100mV 0C Model Minimum Pulse Width 'MSP430x2xx_block_diagram:MSP430x2xx|control_unit:inst3|_instruction_reg[14]'
Slack : 0.364
TNS   : 0.000

------------------------------------------------------------
