------------------------------------------------------------
TimeQuest Timing Analyzer Summary
------------------------------------------------------------

Type  : Slow 1100mV 85C Model Setup 'Clk'
Slack : -9.744
TNS   : -37756.607

Type  : Slow 1100mV 85C Model Setup 'MSP430x2xx_block_diagram:MSP430x2xx|control_unit:inst3|op_code[0]'
Slack : -8.565
TNS   : -137.179

Type  : Slow 1100mV 85C Model Setup 'MSP430x2xx_block_diagram:MSP430x2xx|control_unit:inst3|_fsm_state.f1'
Slack : -5.440
TNS   : -74.287

Type  : Slow 1100mV 85C Model Setup 'MSP430x2xx_block_diagram:MSP430x2xx|control_unit:inst3|_instruction_reg[13]'
Slack : -4.555
TNS   : -82.841

Type  : Slow 1100mV 85C Model Setup 'MSP430x2xx_block_diagram:MSP430x2xx|control_unit:inst3|_fsm_state.f3'
Slack : -4.296
TNS   : -8.446

Type  : Slow 1100mV 85C Model Setup 'MSP430x2xx_block_diagram:MSP430x2xx|control_unit:inst3|_instruction_reg[12]'
Slack : -3.934
TNS   : -53.563

Type  : Slow 1100mV 85C Model Hold 'Clk'
Slack : -2.307
TNS   : -16.002

Type  : Slow 1100mV 85C Model Hold 'MSP430x2xx_block_diagram:MSP430x2xx|control_unit:inst3|op_code[0]'
Slack : -0.352
TNS   : -0.525

Type  : Slow 1100mV 85C Model Hold 'MSP430x2xx_block_diagram:MSP430x2xx|control_unit:inst3|_instruction_reg[12]'
Slack : -0.102
TNS   : -0.165

Type  : Slow 1100mV 85C Model Hold 'MSP430x2xx_block_diagram:MSP430x2xx|control_unit:inst3|_instruction_reg[13]'
Slack : -0.033
TNS   : -0.042

Type  : Slow 1100mV 85C Model Hold 'MSP430x2xx_block_diagram:MSP430x2xx|control_unit:inst3|_fsm_state.f1'
Slack : 0.422
TNS   : 0.000

Type  : Slow 1100mV 85C Model Hold 'MSP430x2xx_block_diagram:MSP430x2xx|control_unit:inst3|_fsm_state.f3'
Slack : 1.438
TNS   : 0.000

Type  : Slow 1100mV 85C Model Minimum Pulse Width 'Clk'
Slack : -0.394
TNS   : -2377.082

Type  : Slow 1100mV 85C Model Minimum Pulse Width 'MSP430x2xx_block_diagram:MSP430x2xx|control_unit:inst3|op_code[0]'
Slack : -0.349
TNS   : -1.020

Type  : Slow 1100mV 85C Model Minimum Pulse Width 'MSP430x2xx_block_diagram:MSP430x2xx|control_unit:inst3|_instruction_reg[13]'
Slack : -0.005
TNS   : -0.005

Type  : Slow 1100mV 85C Model Minimum Pulse Width 'MSP430x2xx_block_diagram:MSP430x2xx|control_unit:inst3|_instruction_reg[12]'
Slack : 0.163
TNS   : 0.000

Type  : Slow 1100mV 85C Model Minimum Pulse Width 'MSP430x2xx_block_diagram:MSP430x2xx|control_unit:inst3|_fsm_state.f1'
Slack : 0.200
TNS   : 0.000

Type  : Slow 1100mV 85C Model Minimum Pulse Width 'MSP430x2xx_block_diagram:MSP430x2xx|control_unit:inst3|_fsm_state.f3'
Slack : 0.383
TNS   : 0.000

Type  : Slow 1100mV 0C Model Setup 'Clk'
Slack : -9.594
TNS   : -36497.306

Type  : Slow 1100mV 0C Model Setup 'MSP430x2xx_block_diagram:MSP430x2xx|control_unit:inst3|op_code[0]'
Slack : -8.653
TNS   : -139.060

Type  : Slow 1100mV 0C Model Setup 'MSP430x2xx_block_diagram:MSP430x2xx|control_unit:inst3|_fsm_state.f1'
Slack : -5.468
TNS   : -75.662

Type  : Slow 1100mV 0C Model Setup 'MSP430x2xx_block_diagram:MSP430x2xx|control_unit:inst3|_instruction_reg[13]'
Slack : -4.431
TNS   : -81.008

Type  : Slow 1100mV 0C Model Setup 'MSP430x2xx_block_diagram:MSP430x2xx|control_unit:inst3|_fsm_state.f3'
Slack : -4.274
TNS   : -8.442

Type  : Slow 1100mV 0C Model Setup 'MSP430x2xx_block_diagram:MSP430x2xx|control_unit:inst3|_instruction_reg[12]'
Slack : -3.820
TNS   : -52.310

Type  : Slow 1100mV 0C Model Hold 'Clk'
Slack : -2.372
TNS   : -17.011

Type  : Slow 1100mV 0C Model Hold 'MSP430x2xx_block_diagram:MSP430x2xx|control_unit:inst3|op_code[0]'
Slack : -0.381
TNS   : -0.598

Type  : Slow 1100mV 0C Model Hold 'MSP430x2xx_block_diagram:MSP430x2xx|control_unit:inst3|_instruction_reg[12]'
Slack : -0.195
TNS   : -0.349

Type  : Slow 1100mV 0C Model Hold 'MSP430x2xx_block_diagram:MSP430x2xx|control_unit:inst3|_instruction_reg[13]'
Slack : -0.135
TNS   : -0.240

Type  : Slow 1100mV 0C Model Hold 'MSP430x2xx_block_diagram:MSP430x2xx|control_unit:inst3|_fsm_state.f1'
Slack : 0.415
TNS   : 0.000

Type  : Slow 1100mV 0C Model Hold 'MSP430x2xx_block_diagram:MSP430x2xx|control_unit:inst3|_fsm_state.f3'
Slack : 1.329
TNS   : 0.000

Type  : Slow 1100mV 0C Model Minimum Pulse Width 'Clk'
Slack : -0.394
TNS   : -2527.328

Type  : Slow 1100mV 0C Model Minimum Pulse Width 'MSP430x2xx_block_diagram:MSP430x2xx|control_unit:inst3|op_code[0]'
Slack : -0.352
TNS   : -1.052

Type  : Slow 1100mV 0C Model Minimum Pulse Width 'MSP430x2xx_block_diagram:MSP430x2xx|control_unit:inst3|_instruction_reg[13]'
Slack : 0.028
TNS   : 0.000

Type  : Slow 1100mV 0C Model Minimum Pulse Width 'MSP430x2xx_block_diagram:MSP430x2xx|control_unit:inst3|_instruction_reg[12]'
Slack : 0.142
TNS   : 0.000

Type  : Slow 1100mV 0C Model Minimum Pulse Width 'MSP430x2xx_block_diagram:MSP430x2xx|control_unit:inst3|_fsm_state.f1'
Slack : 0.232
TNS   : 0.000

Type  : Slow 1100mV 0C Model Minimum Pulse Width 'MSP430x2xx_block_diagram:MSP430x2xx|control_unit:inst3|_fsm_state.f3'
Slack : 0.344
TNS   : 0.000

Type  : Fast 1100mV 85C Model Setup 'Clk'
Slack : -5.842
TNS   : -22331.854

Type  : Fast 1100mV 85C Model Setup 'MSP430x2xx_block_diagram:MSP430x2xx|control_unit:inst3|op_code[0]'
Slack : -4.602
TNS   : -72.054

Type  : Fast 1100mV 85C Model Setup 'MSP430x2xx_block_diagram:MSP430x2xx|control_unit:inst3|_fsm_state.f1'
Slack : -2.912
TNS   : -36.334

Type  : Fast 1100mV 85C Model Setup 'MSP430x2xx_block_diagram:MSP430x2xx|control_unit:inst3|_instruction_reg[13]'
Slack : -2.761
TNS   : -43.291

Type  : Fast 1100mV 85C Model Setup 'MSP430x2xx_block_diagram:MSP430x2xx|control_unit:inst3|_instruction_reg[12]'
Slack : -2.158
TNS   : -25.533

Type  : Fast 1100mV 85C Model Setup 'MSP430x2xx_block_diagram:MSP430x2xx|control_unit:inst3|_fsm_state.f3'
Slack : -1.927
TNS   : -3.821

Type  : Fast 1100mV 85C Model Hold 'Clk'
Slack : -1.317
TNS   : -6.722

Type  : Fast 1100mV 85C Model Hold 'MSP430x2xx_block_diagram:MSP430x2xx|control_unit:inst3|op_code[0]'
Slack : -0.185
TNS   : -0.284

Type  : Fast 1100mV 85C Model Hold 'MSP430x2xx_block_diagram:MSP430x2xx|control_unit:inst3|_instruction_reg[12]'
Slack : -0.008
TNS   : -0.008

Type  : Fast 1100mV 85C Model Hold 'MSP430x2xx_block_diagram:MSP430x2xx|control_unit:inst3|_instruction_reg[13]'
Slack : 0.036
TNS   : 0.000

Type  : Fast 1100mV 85C Model Hold 'MSP430x2xx_block_diagram:MSP430x2xx|control_unit:inst3|_fsm_state.f1'
Slack : 0.235
TNS   : 0.000

Type  : Fast 1100mV 85C Model Hold 'MSP430x2xx_block_diagram:MSP430x2xx|control_unit:inst3|_fsm_state.f3'
Slack : 1.060
TNS   : 0.000

Type  : Fast 1100mV 85C Model Minimum Pulse Width 'Clk'
Slack : -0.097
TNS   : -395.631

Type  : Fast 1100mV 85C Model Minimum Pulse Width 'MSP430x2xx_block_diagram:MSP430x2xx|control_unit:inst3|op_code[0]'
Slack : -0.033
TNS   : -0.082

Type  : Fast 1100mV 85C Model Minimum Pulse Width 'MSP430x2xx_block_diagram:MSP430x2xx|control_unit:inst3|_instruction_reg[13]'
Slack : 0.101
TNS   : 0.000

Type  : Fast 1100mV 85C Model Minimum Pulse Width 'MSP430x2xx_block_diagram:MSP430x2xx|control_unit:inst3|_instruction_reg[12]'
Slack : 0.200
TNS   : 0.000

Type  : Fast 1100mV 85C Model Minimum Pulse Width 'MSP430x2xx_block_diagram:MSP430x2xx|control_unit:inst3|_fsm_state.f1'
Slack : 0.260
TNS   : 0.000

Type  : Fast 1100mV 85C Model Minimum Pulse Width 'MSP430x2xx_block_diagram:MSP430x2xx|control_unit:inst3|_fsm_state.f3'
Slack : 0.451
TNS   : 0.000

Type  : Fast 1100mV 0C Model Setup 'Clk'
Slack : -5.094
TNS   : -19453.962

Type  : Fast 1100mV 0C Model Setup 'MSP430x2xx_block_diagram:MSP430x2xx|control_unit:inst3|op_code[0]'
Slack : -4.225
TNS   : -66.630

Type  : Fast 1100mV 0C Model Setup 'MSP430x2xx_block_diagram:MSP430x2xx|control_unit:inst3|_fsm_state.f1'
Slack : -2.749
TNS   : -35.134

Type  : Fast 1100mV 0C Model Setup 'MSP430x2xx_block_diagram:MSP430x2xx|control_unit:inst3|_instruction_reg[13]'
Slack : -2.385
TNS   : -35.986

Type  : Fast 1100mV 0C Model Setup 'MSP430x2xx_block_diagram:MSP430x2xx|control_unit:inst3|_fsm_state.f3'
Slack : -1.813
TNS   : -3.601

Type  : Fast 1100mV 0C Model Setup 'MSP430x2xx_block_diagram:MSP430x2xx|control_unit:inst3|_instruction_reg[12]'
Slack : -1.795
TNS   : -20.570

Type  : Fast 1100mV 0C Model Hold 'Clk'
Slack : -1.336
TNS   : -7.254

Type  : Fast 1100mV 0C Model Hold 'MSP430x2xx_block_diagram:MSP430x2xx|control_unit:inst3|op_code[0]'
Slack : -0.184
TNS   : -0.287

Type  : Fast 1100mV 0C Model Hold 'MSP430x2xx_block_diagram:MSP430x2xx|control_unit:inst3|_instruction_reg[12]'
Slack : -0.022
TNS   : -0.033

Type  : Fast 1100mV 0C Model Hold 'MSP430x2xx_block_diagram:MSP430x2xx|control_unit:inst3|_instruction_reg[13]'
Slack : -0.002
TNS   : -0.002

Type  : Fast 1100mV 0C Model Hold 'MSP430x2xx_block_diagram:MSP430x2xx|control_unit:inst3|_fsm_state.f1'
Slack : 0.218
TNS   : 0.000

Type  : Fast 1100mV 0C Model Hold 'MSP430x2xx_block_diagram:MSP430x2xx|control_unit:inst3|_fsm_state.f3'
Slack : 1.001
TNS   : 0.000

Type  : Fast 1100mV 0C Model Minimum Pulse Width 'Clk'
Slack : -0.095
TNS   : -387.648

Type  : Fast 1100mV 0C Model Minimum Pulse Width 'MSP430x2xx_block_diagram:MSP430x2xx|control_unit:inst3|op_code[0]'
Slack : 0.025
TNS   : 0.000

Type  : Fast 1100mV 0C Model Minimum Pulse Width 'MSP430x2xx_block_diagram:MSP430x2xx|control_unit:inst3|_instruction_reg[13]'
Slack : 0.168
TNS   : 0.000

Type  : Fast 1100mV 0C Model Minimum Pulse Width 'MSP430x2xx_block_diagram:MSP430x2xx|control_unit:inst3|_instruction_reg[12]'
Slack : 0.261
TNS   : 0.000

Type  : Fast 1100mV 0C Model Minimum Pulse Width 'MSP430x2xx_block_diagram:MSP430x2xx|control_unit:inst3|_fsm_state.f1'
Slack : 0.311
TNS   : 0.000

Type  : Fast 1100mV 0C Model Minimum Pulse Width 'MSP430x2xx_block_diagram:MSP430x2xx|control_unit:inst3|_fsm_state.f3'
Slack : 0.436
TNS   : 0.000

------------------------------------------------------------
